// Jest Snapshot v1, https://goo.gl/fbAQLP

exports[`AppsByHostHeader component should render properly 1`] = `ShallowWrapper {}`;
