// Jest Snapshot v1, https://goo.gl/fbAQLP

exports[`AppsByHost component should render properly 1`] = `ShallowWrapper {}`;
