// Jest Snapshot v1, https://goo.gl/fbAQLP

exports[`DefaultErrorBoundary component should render properly 1`] = `""`;
