// Jest Snapshot v1, https://goo.gl/fbAQLP

exports[`Loader component should render properly 1`] = `ShallowWrapper {}`;
