// Jest Snapshot v1, https://goo.gl/fbAQLP

exports[`Loader component should render properly 1`] = `
<styled.div>
  <styled.div />
</styled.div>
`;
