// Jest Snapshot v1, https://goo.gl/fbAQLP

exports[`RemoveAppForm component should render properly 1`] = `ShallowWrapper {}`;
