// Jest Snapshot v1, https://goo.gl/fbAQLP

exports[`Routes component should render properly 1`] = `ShallowWrapper {}`;
