// Jest Snapshot v1, https://goo.gl/fbAQLP

exports[`Home styled components Content should render properly 1`] = `ShallowWrapper {}`;

exports[`Home styled components Link should render properly 1`] = `ShallowWrapper {}`;
