// Jest Snapshot v1, https://goo.gl/fbAQLP

exports[`Home styled components Content should render properly 1`] = `
.c0 {
  width: 840px;
  display: -webkit-box;
  display: -webkit-flex;
  display: -ms-flexbox;
  display: flex;
  -webkit-box-pack: center;
  -webkit-justify-content: center;
  -ms-flex-pack: center;
  justify-content: center;
  padding: 30px;
  -webkit-flex-direction: column;
  -ms-flex-direction: column;
  flex-direction: column;
  background-color: #f8f8f8;
  -webkit-align-items: center;
  -webkit-box-align: center;
  -ms-flex-align: center;
  align-items: center;
  font-family: 'Helvetica';
}

<div
  className="c0"
/>
`;

exports[`Home styled components Link should render properly 1`] = `
.c0 {
  font-size: 35px;
  font-family: "Helvetica Bold";
  color: #000000;
  line-height: 43px;
}

<Link
  className="c0"
/>
`;
