// Jest Snapshot v1, https://goo.gl/fbAQLP

exports[`Card component should render properly 1`] = `ShallowWrapper {}`;
